// Jest Snapshot v1, https://goo.gl/fbAQLP

exports[`minimal usage 1`] = `
Object {
  "Outputs": Object {
    "distributionDomainName": Object {
      "Value": Object {
        "Fn::GetAtt": Array [
          "distributionCFDistribution99A57736",
          "DomainName",
        ],
      },
    },
  },
  "Parameters": Object {
    "AssetParameters42e6dd8d3833e1b2435a48547609a631bf0ff138716a052c4dc079e455275d28ArtifactHash5DAA237C": Object {
      "Description": "Artifact hash for asset \\"42e6dd8d3833e1b2435a48547609a631bf0ff138716a052c4dc079e455275d28\\"",
      "Type": "String",
    },
    "AssetParameters42e6dd8d3833e1b2435a48547609a631bf0ff138716a052c4dc079e455275d28S3Bucket0E66C991": Object {
      "Description": "S3 bucket for asset \\"42e6dd8d3833e1b2435a48547609a631bf0ff138716a052c4dc079e455275d28\\"",
      "Type": "String",
    },
    "AssetParameters42e6dd8d3833e1b2435a48547609a631bf0ff138716a052c4dc079e455275d28S3VersionKey32657325": Object {
      "Description": "S3 key for asset version \\"42e6dd8d3833e1b2435a48547609a631bf0ff138716a052c4dc079e455275d28\\"",
      "Type": "String",
    },
    "AssetParameters4cd61014b71160e8c66fe167e43710d5ba068b80b134e9bd84508cf9238b2392ArtifactHashE56CD69A": Object {
      "Description": "Artifact hash for asset \\"4cd61014b71160e8c66fe167e43710d5ba068b80b134e9bd84508cf9238b2392\\"",
      "Type": "String",
    },
    "AssetParameters4cd61014b71160e8c66fe167e43710d5ba068b80b134e9bd84508cf9238b2392S3BucketBF7A7F3F": Object {
      "Description": "S3 bucket for asset \\"4cd61014b71160e8c66fe167e43710d5ba068b80b134e9bd84508cf9238b2392\\"",
      "Type": "String",
    },
    "AssetParameters4cd61014b71160e8c66fe167e43710d5ba068b80b134e9bd84508cf9238b2392S3VersionKeyFAF93626": Object {
      "Description": "S3 key for asset version \\"4cd61014b71160e8c66fe167e43710d5ba068b80b134e9bd84508cf9238b2392\\"",
      "Type": "String",
    },
    "AssetParameters65835de7b20e8dd2404193ee95d53b850634c0f349df07188284b4572477b34fArtifactHashA669BC3E": Object {
      "Description": "Artifact hash for asset \\"65835de7b20e8dd2404193ee95d53b850634c0f349df07188284b4572477b34f\\"",
      "Type": "String",
    },
    "AssetParameters65835de7b20e8dd2404193ee95d53b850634c0f349df07188284b4572477b34fS3BucketA4B18F0A": Object {
      "Description": "S3 bucket for asset \\"65835de7b20e8dd2404193ee95d53b850634c0f349df07188284b4572477b34f\\"",
      "Type": "String",
    },
    "AssetParameters65835de7b20e8dd2404193ee95d53b850634c0f349df07188284b4572477b34fS3VersionKeyA03FEA5F": Object {
      "Description": "S3 key for asset version \\"65835de7b20e8dd2404193ee95d53b850634c0f349df07188284b4572477b34f\\"",
      "Type": "String",
    },
    "AssetParametersc24b999656e4fe6c609c31bae56a1cf4717a405619c3aa6ba1bc686b8c2c86cfArtifactHash85F58E48": Object {
      "Description": "Artifact hash for asset \\"c24b999656e4fe6c609c31bae56a1cf4717a405619c3aa6ba1bc686b8c2c86cf\\"",
      "Type": "String",
    },
    "AssetParametersc24b999656e4fe6c609c31bae56a1cf4717a405619c3aa6ba1bc686b8c2c86cfS3Bucket55EFA30C": Object {
      "Description": "S3 bucket for asset \\"c24b999656e4fe6c609c31bae56a1cf4717a405619c3aa6ba1bc686b8c2c86cf\\"",
      "Type": "String",
    },
    "AssetParametersc24b999656e4fe6c609c31bae56a1cf4717a405619c3aa6ba1bc686b8c2c86cfS3VersionKey60329B70": Object {
      "Description": "S3 key for asset version \\"c24b999656e4fe6c609c31bae56a1cf4717a405619c3aa6ba1bc686b8c2c86cf\\"",
      "Type": "String",
    },
    "AssetParameterscb791744acacbbb1c84bfacd2efba76db87a7f2ee4d29a1269a852564b81b3fcArtifactHashD8239E84": Object {
      "Description": "Artifact hash for asset \\"cb791744acacbbb1c84bfacd2efba76db87a7f2ee4d29a1269a852564b81b3fc\\"",
      "Type": "String",
    },
    "AssetParameterscb791744acacbbb1c84bfacd2efba76db87a7f2ee4d29a1269a852564b81b3fcS3Bucket48536425": Object {
      "Description": "S3 bucket for asset \\"cb791744acacbbb1c84bfacd2efba76db87a7f2ee4d29a1269a852564b81b3fc\\"",
      "Type": "String",
    },
    "AssetParameterscb791744acacbbb1c84bfacd2efba76db87a7f2ee4d29a1269a852564b81b3fcS3VersionKeyFEF91EC6": Object {
      "Description": "S3 key for asset version \\"cb791744acacbbb1c84bfacd2efba76db87a7f2ee4d29a1269a852564b81b3fc\\"",
      "Type": "String",
    },
    "AssetParameterse9882ab123687399f934da0d45effe675ecc8ce13b40cb946f3e1d6141fe8d68ArtifactHashD9A515C3": Object {
      "Description": "Artifact hash for asset \\"e9882ab123687399f934da0d45effe675ecc8ce13b40cb946f3e1d6141fe8d68\\"",
      "Type": "String",
    },
    "AssetParameterse9882ab123687399f934da0d45effe675ecc8ce13b40cb946f3e1d6141fe8d68S3BucketAEADE8C7": Object {
      "Description": "S3 bucket for asset \\"e9882ab123687399f934da0d45effe675ecc8ce13b40cb946f3e1d6141fe8d68\\"",
      "Type": "String",
    },
    "AssetParameterse9882ab123687399f934da0d45effe675ecc8ce13b40cb946f3e1d6141fe8d68S3VersionKeyE415415F": Object {
      "Description": "S3 key for asset version \\"e9882ab123687399f934da0d45effe675ecc8ce13b40cb946f3e1d6141fe8d68\\"",
      "Type": "String",
    },
  },
  "Resources": Object {
    "CustomErrorPageNestedStackCustomErrorPageNestedStackResource5229F8E2": Object {
      "DeletionPolicy": "Delete",
      "Properties": Object {
        "Parameters": Object {
          "referencetodemostackAssetParameters4cd61014b71160e8c66fe167e43710d5ba068b80b134e9bd84508cf9238b2392S3BucketBF1D8B9CRef": Object {
            "Ref": "AssetParameters4cd61014b71160e8c66fe167e43710d5ba068b80b134e9bd84508cf9238b2392S3BucketBF7A7F3F",
          },
          "referencetodemostackAssetParameters4cd61014b71160e8c66fe167e43710d5ba068b80b134e9bd84508cf9238b2392S3VersionKey87066E2FRef": Object {
            "Ref": "AssetParameters4cd61014b71160e8c66fe167e43710d5ba068b80b134e9bd84508cf9238b2392S3VersionKeyFAF93626",
          },
          "referencetodemostackAssetParameters65835de7b20e8dd2404193ee95d53b850634c0f349df07188284b4572477b34fS3Bucket52D82B4CRef": Object {
            "Ref": "AssetParameters65835de7b20e8dd2404193ee95d53b850634c0f349df07188284b4572477b34fS3BucketA4B18F0A",
          },
          "referencetodemostackAssetParameters65835de7b20e8dd2404193ee95d53b850634c0f349df07188284b4572477b34fS3VersionKeyD1B1BB75Ref": Object {
            "Ref": "AssetParameters65835de7b20e8dd2404193ee95d53b850634c0f349df07188284b4572477b34fS3VersionKeyA03FEA5F",
          },
          "referencetodemostackAssetParametersc24b999656e4fe6c609c31bae56a1cf4717a405619c3aa6ba1bc686b8c2c86cfS3Bucket24CC697DRef": Object {
            "Ref": "AssetParametersc24b999656e4fe6c609c31bae56a1cf4717a405619c3aa6ba1bc686b8c2c86cfS3Bucket55EFA30C",
          },
          "referencetodemostackAssetParametersc24b999656e4fe6c609c31bae56a1cf4717a405619c3aa6ba1bc686b8c2c86cfS3VersionKey7519508FRef": Object {
            "Ref": "AssetParametersc24b999656e4fe6c609c31bae56a1cf4717a405619c3aa6ba1bc686b8c2c86cfS3VersionKey60329B70",
          },
          "referencetodemostackAssetParameterscb791744acacbbb1c84bfacd2efba76db87a7f2ee4d29a1269a852564b81b3fcS3BucketD7E81086Ref": Object {
            "Ref": "AssetParameterscb791744acacbbb1c84bfacd2efba76db87a7f2ee4d29a1269a852564b81b3fcS3Bucket48536425",
          },
          "referencetodemostackAssetParameterscb791744acacbbb1c84bfacd2efba76db87a7f2ee4d29a1269a852564b81b3fcS3VersionKey62106E4ERef": Object {
            "Ref": "AssetParameterscb791744acacbbb1c84bfacd2efba76db87a7f2ee4d29a1269a852564b81b3fcS3VersionKeyFEF91EC6",
          },
          "referencetodemostackAssetParameterse9882ab123687399f934da0d45effe675ecc8ce13b40cb946f3e1d6141fe8d68S3Bucket05F403B0Ref": Object {
            "Ref": "AssetParameterse9882ab123687399f934da0d45effe675ecc8ce13b40cb946f3e1d6141fe8d68S3BucketAEADE8C7",
          },
          "referencetodemostackAssetParameterse9882ab123687399f934da0d45effe675ecc8ce13b40cb946f3e1d6141fe8d68S3VersionKey95DC3028Ref": Object {
            "Ref": "AssetParameterse9882ab123687399f934da0d45effe675ecc8ce13b40cb946f3e1d6141fe8d68S3VersionKeyE415415F",
          },
        },
        "TemplateURL": Object {
          "Fn::Join": Array [
            "",
            Array [
              "https://s3.",
              Object {
                "Ref": "AWS::Region",
              },
              ".",
              Object {
                "Ref": "AWS::URLSuffix",
              },
              "/",
              Object {
                "Ref": "AssetParameters42e6dd8d3833e1b2435a48547609a631bf0ff138716a052c4dc079e455275d28S3Bucket0E66C991",
              },
              "/",
              Object {
                "Fn::Select": Array [
                  0,
                  Object {
                    "Fn::Split": Array [
                      "||",
                      Object {
                        "Ref": "AssetParameters42e6dd8d3833e1b2435a48547609a631bf0ff138716a052c4dc079e455275d28S3VersionKey32657325",
                      },
                    ],
                  },
                ],
              },
              Object {
                "Fn::Select": Array [
                  1,
                  Object {
                    "Fn::Split": Array [
                      "||",
                      Object {
                        "Ref": "AssetParameters42e6dd8d3833e1b2435a48547609a631bf0ff138716a052c4dc079e455275d28S3VersionKey32657325",
                      },
                    ],
                  },
                ],
              },
            ],
          ],
        },
      },
      "Type": "AWS::CloudFormation::Stack",
      "UpdateReplacePolicy": "Delete",
    },
    "distributionCFDistribution99A57736": Object {
      "Properties": Object {
        "DistributionConfig": Object {
          "DefaultCacheBehavior": Object {
            "AllowedMethods": Array [
              "GET",
              "HEAD",
            ],
            "CachedMethods": Array [
              "GET",
              "HEAD",
            ],
            "Compress": true,
            "DefaultTTL": 10,
            "ForwardedValues": Object {
              "Cookies": Object {
                "Forward": "none",
              },
              "QueryString": false,
            },
            "LambdaFunctionAssociations": Array [
              Object {
                "EventType": "origin-response",
                "IncludeBody": false,
                "LambdaFunctionARN": Object {
                  "Fn::GetAtt": Array [
                    "CustomErrorPageNestedStackCustomErrorPageNestedStackResource5229F8E2",
                    "Outputs.demostackCustomErrorPageCustomFuncCurrentVersion4B2B308BRef",
                  ],
                },
              },
            ],
            "TargetOriginId": "origin1",
            "ViewerProtocolPolicy": "redirect-to-https",
          },
          "DefaultRootObject": "index.html",
          "Enabled": true,
          "HttpVersion": "http2",
          "IPV6Enabled": true,
          "Origins": Array [
            Object {
              "ConnectionAttempts": 3,
              "ConnectionTimeout": 10,
              "DomainName": Object {
                "Fn::GetAtt": Array [
                  "CustomErrorPageNestedStackCustomErrorPageNestedStackResource5229F8E2",
                  "Outputs.demostackCustomErrorPagedemoBucketE1FE2EC9RegionalDomainName",
                ],
              },
              "Id": "origin1",
              "S3OriginConfig": Object {
                "OriginAccessIdentity": Object {
                  "Fn::Join": Array [
                    "",
                    Array [
                      "origin-access-identity/cloudfront/",
                      Object {
                        "Fn::GetAtt": Array [
                          "CustomErrorPageNestedStackCustomErrorPageNestedStackResource5229F8E2",
                          "Outputs.demostackCustomErrorPageOriginAccessIdentityDA9AFBCARef",
                        ],
                      },
                    ],
                  ],
                },
              },
            },
          ],
          "PriceClass": "PriceClass_100",
          "ViewerCertificate": Object {
            "CloudFrontDefaultCertificate": true,
          },
        },
      },
      "Type": "AWS::CloudFront::Distribution",
    },
  },
}
`;
